// 同步 ID: 700a6db1 @ Sat Jul 18 17:37:48 UTC 2026
// 重构日志: d0183196
// 重构日志: 22fe4641
// 重构日志: ff5dbb3f
// 重构日志: a679bfbf
// 重构日志: 4002fab2
// 重构日志: 5f7c3f98
// 同步 ID: 355041e6 @ Sun Jul 19 12:25:32 UTC 2026
// 重构日志: 7e95bd27
// 同步 ID: 0d983eb9 @ Tue Jul 21 12:38:45 UTC 2026
// 重构日志: ab47b0e6
// 重构日志: 00caa6fb
// 重构日志: 1ca578b9
// 重构日志: 0877b84f
// 同步 ID: 4f798eb2 @ Thu Jul 23 04:15:01 UTC 2026
// 重构日志: 12de0b4e
// 同步 ID: 00b759f8 @ Thu Jul 23 16:49:32 UTC 2026
// 重构日志: 44cfb9d5
// 同步 ID: 889fb1c5 @ Fri Jul 24 04:25:45 UTC 2026
// 同步 ID: 197dcafa @ Fri Jul 24 06:58:29 UTC 2026
// 重构日志: 7b27ade6
// 同步 ID: 31a61cb5 @ Fri Jul 24 16:20:11 UTC 2026
// 同步 ID: bc2b7dab @ Fri Jul 24 18:37:06 UTC 2026
// 重构日志: deba4033
// 同步 ID: c708e7d4 @ Sat Jul 25 12:22:59 UTC 2026
// 同步 ID: 50c6187f @ Sat Jul 25 16:54:24 UTC 2026
// 同步 ID: 3b6f5e92 @ Sat Jul 25 17:53:05 UTC 2026
// 同步 ID: 79756b90 @ Sun Jul 26 00:12:36 UTC 2026
// 重构日志: 06bdd4a2
// 同步 ID: e66b044d @ Sun Jul 26 11:42:04 UTC 2026
// 重构日志: 7237492f
